wello horld
mob barley
Turnt Boast
Error: line does not contain two words
Error: line does not contain two words
